Copyright 1986-2022 Xilinx, Inc. All Rights Reserved. Copyright 2022-2024 Advanced Micro Devices, Inc. All Rights Reserved.
---------------------------------------------------------------------------------------------------------------------------------------------
| Tool Version : Vivado v.2024.2 (win64) Build 5239630 Fri Nov 08 22:35:27 MST 2024
| Date         : Thu Oct 23 15:35:57 2025
| Host         : weslie running 64-bit major release  (build 9200)
| Command      : report_control_sets -verbose -file udp_stack_top_control_sets_placed.rpt
| Design       : udp_stack_top
| Device       : xcvu5p
---------------------------------------------------------------------------------------------------------------------------------------------

Control Set Information

Table of Contents
-----------------
1. Summary
2. Histogram
3. Flip-Flop Distribution
4. Detailed Control Set Information

1. Summary
----------

+----------------------------------------------------------+-------+
|                          Status                          | Count |
+----------------------------------------------------------+-------+
| Total control sets                                       |   148 |
|    Minimum number of control sets                        |   148 |
|    Addition due to synthesis replication                 |     0 |
|    Addition due to physical synthesis replication        |     0 |
| Unused register locations in slices containing registers |   129 |
+----------------------------------------------------------+-------+
* Control sets can be merged at opt_design using control_set_merge or merge_equivalent_drivers
** Run report_qor_suggestions for automated merging and remapping suggestions


2. Histogram
------------

+--------------------+-------+
|       Fanout       | Count |
+--------------------+-------+
| Total control sets |   148 |
| >= 0 to < 4        |    24 |
| >= 4 to < 6        |    13 |
| >= 6 to < 8        |     7 |
| >= 8 to < 10       |     5 |
| >= 10 to < 12      |     1 |
| >= 12 to < 14      |     3 |
| >= 14 to < 16      |     0 |
| >= 16              |    95 |
+--------------------+-------+
* Control sets can be remapped at either synth_design or opt_design


3. Flip-Flop Distribution
-------------------------

+--------------+-----------------------+------------------------+-----------------+--------------+
| Clock Enable | Synchronous Set/Reset | Asynchronous Set/Reset | Total Registers | Total Slices |
+--------------+-----------------------+------------------------+-----------------+--------------+
| No           | No                    | No                     |             283 |           96 |
| No           | No                    | Yes                    |               0 |            0 |
| No           | Yes                   | No                     |            1629 |          399 |
| Yes          | No                    | No                     |             339 |           73 |
| Yes          | No                    | Yes                    |               0 |            0 |
| Yes          | Yes                   | No                     |            2452 |          495 |
+--------------+-----------------------+------------------------+-----------------+--------------+


4. Detailed Control Set Information
-----------------------------------

+-------------------------+--------------------------------------------------------------------------------------------------------------------------------------------------------+----------------------------------------------------------------------------------------------------------------------+------------------+----------------+--------------+
|       Clock Signal      |                                                                      Enable Signal                                                                     |                                                   Set/Reset Signal                                                   | Slice Load Count | Bel Load Count | Bels / Slice |
+-------------------------+--------------------------------------------------------------------------------------------------------------------------------------------------------+----------------------------------------------------------------------------------------------------------------------+------------------+----------------+--------------+
|  rx_axis_aclk_IBUF_BUFG |                                                                                                                                                        | u_eth_frame_rx/udp_rx/udp_length_fifo/gen_wr_a.gen_word_narrow.mem_reg_7                                             |                1 |              1 |         1.00 |
|  tx_axis_aclk_IBUF_BUFG | u_eth_frame_tx/tx_udp/udp_checkpayload/xpm_fifo_sync_inst/xpm_fifo_base_inst/gen_fwft.ram_regout_en                                                    | u_eth_frame_tx/tx_udp/udp_checkpacket/xpm_fifo_sync_inst/xpm_fifo_base_inst/xpm_fifo_rst_inst/Q[0]                   |                1 |              1 |         1.00 |
|  tx_axis_aclk_IBUF_BUFG | u_eth_frame_tx/tx_ip/ip_stream_inst/stream_data_wdata[1]_i_1_n_0                                                                                       |                                                                                                                      |                1 |              1 |         1.00 |
|  rx_axis_aclk_IBUF_BUFG | u_eth_frame_rx/rx_mac_mode/ip_rx_axis_tkeep_reg[2]_3                                                                                                   | u_eth_frame_rx/rx_mac_mode/rx_axis_aresetn                                                                           |                1 |              2 |         2.00 |
|  tx_axis_aclk_IBUF_BUFG | u_eth_frame_tx/tx_udp/udp_checkpacket/xpm_fifo_sync_inst/xpm_fifo_base_inst/gen_fwft.ram_regout_en                                                     | u_eth_frame_tx/tx_udp/udp_checkpayload/xpm_fifo_sync_inst/xpm_fifo_base_inst/xpm_fifo_rst_inst/Q[0]                  |                1 |              2 |         2.00 |
|  tx_axis_aclk_IBUF_BUFG | u_eth_frame_tx/tx_udp/udp_checkpacket/xpm_fifo_sync_inst/xpm_fifo_base_inst/rdp_inst/enb                                                               | u_eth_frame_tx/tx_udp/udp_checkpayload/xpm_fifo_sync_inst/xpm_fifo_base_inst/xpm_fifo_rst_inst/Q[0]                  |                2 |              2 |         1.00 |
|  tx_axis_aclk_IBUF_BUFG | u_eth_frame_tx/tx_mac/u_eth_axis_fifo/trans_type                                                                                                       | tx_axis_aresetn_IBUF_inst/O                                                                                          |                1 |              2 |         2.00 |
|  tx_axis_aclk_IBUF_BUFG | u_eth_frame_tx/tx_ip/ip_stream_inst/state_reg[2]_0[0]                                                                                                  | tx_axis_aresetn_IBUF_inst/O                                                                                          |                2 |              2 |         1.00 |
|  tx_axis_aclk_IBUF_BUFG | u_eth_frame_tx/tx_arp/op[1]_i_1_n_0                                                                                                                    |                                                                                                                      |                1 |              2 |         2.00 |
|  tx_axis_aclk_IBUF_BUFG |                                                                                                                                                        | u_eth_frame_tx/tx_ip/ip_head/xpm_fifo_sync_inst/xpm_fifo_base_inst/xpm_fifo_rst_inst/rst_i                           |                2 |              3 |         1.50 |
|  rx_axis_aclk_IBUF_BUFG |                                                                                                                                                        | u_us_icmp_reply/icmp_payload/xpm_fifo_sync_inst/xpm_fifo_base_inst/xpm_fifo_rst_inst/rst_i                           |                2 |              3 |         1.50 |
|  tx_axis_aclk_IBUF_BUFG |                                                                                                                                                        | u_eth_frame_tx/tx_ip/ip_send/xpm_fifo_sync_inst/xpm_fifo_base_inst/xpm_fifo_rst_inst/rst_i                           |                2 |              3 |         1.50 |
|  tx_axis_aclk_IBUF_BUFG |                                                                                                                                                        | u_eth_frame_tx/tx_mac/u_eth_axis_fifo/stream_data_fifo/xpm_fifo_sync_inst/xpm_fifo_base_inst/xpm_fifo_rst_inst/rst_i |                1 |              3 |         3.00 |
|  tx_axis_aclk_IBUF_BUFG | u_eth_frame_tx/tx_ip/ip_head/xpm_fifo_sync_inst/xpm_fifo_base_inst/rdp_inst/enb                                                                        | u_eth_frame_tx/tx_ip/ip_send/xpm_fifo_sync_inst/xpm_fifo_base_inst/xpm_fifo_rst_inst/Q[0]                            |                1 |              3 |         3.00 |
|  tx_axis_aclk_IBUF_BUFG |                                                                                                                                                        | u_eth_frame_tx/tx_mac/mac_send/xpm_fifo_sync_inst/xpm_fifo_base_inst/xpm_fifo_rst_inst/rst_i                         |                1 |              3 |         3.00 |
|  tx_axis_aclk_IBUF_BUFG |                                                                                                                                                        | u_eth_frame_tx/tx_udp/udp_checkpacket/xpm_fifo_sync_inst/xpm_fifo_base_inst/xpm_fifo_rst_inst/rst_i                  |                2 |              3 |         1.50 |
|  tx_axis_aclk_IBUF_BUFG |                                                                                                                                                        | u_eth_frame_tx/tx_udp/udp_payload/xpm_fifo_sync_inst/xpm_fifo_base_inst/xpm_fifo_rst_inst/rst_i                      |                2 |              3 |         1.50 |
|  tx_axis_aclk_IBUF_BUFG |                                                                                                                                                        | u_eth_frame_tx/tx_udp/udp_checkpacket/xpm_fifo_sync_inst/xpm_fifo_base_inst/xpm_fifo_rst_inst/Q[0]                   |                2 |              3 |         1.50 |
|  tx_axis_aclk_IBUF_BUFG |                                                                                                                                                        | u_eth_frame_tx/tx_udp/udp_checkpayload/xpm_fifo_sync_inst/xpm_fifo_base_inst/xpm_fifo_rst_inst/rst_i                 |                2 |              3 |         1.50 |
|  tx_axis_aclk_IBUF_BUFG |                                                                                                                                                        | u_eth_frame_tx/tx_mac/u_eth_axis_fifo/stream_byte_fifo/xpm_fifo_sync_inst/xpm_fifo_base_inst/xpm_fifo_rst_inst/rst_i |                2 |              3 |         1.50 |
|  rx_axis_aclk_IBUF_BUFG |                                                                                                                                                        | u_eth_frame_rx/udp_rx/udp_data_fifo/xpm_fifo_sync_inst/xpm_fifo_base_inst/xpm_fifo_rst_inst/rst_i                    |                2 |              3 |         1.50 |
|  tx_axis_aclk_IBUF_BUFG |                                                                                                                                                        | u_eth_frame_tx/tx_ip/ip_stream_inst/stream_byte_fifo/xpm_fifo_sync_inst/xpm_fifo_base_inst/xpm_fifo_rst_inst/rst_i   |                1 |              3 |         3.00 |
|  tx_axis_aclk_IBUF_BUFG |                                                                                                                                                        | u_eth_frame_tx/tx_ip/ip_stream_inst/stream_data_fifo/xpm_fifo_sync_inst/xpm_fifo_base_inst/xpm_fifo_rst_inst/rst_i   |                2 |              3 |         1.50 |
|  rx_axis_aclk_IBUF_BUFG |                                                                                                                                                        | u_eth_frame_rx/udp_rx/udp_length_fifo/xpm_fifo_sync_inst/xpm_fifo_base_inst/xpm_fifo_rst_inst/rst_i                  |                2 |              3 |         1.50 |
|  tx_axis_aclk_IBUF_BUFG | u_eth_frame_tx/tx_udp/udp_checkpacket/xpm_fifo_sync_inst/xpm_fifo_base_inst/xpm_fifo_rst_inst/E[0]                                                     | u_eth_frame_tx/tx_udp/udp_checkpayload/xpm_fifo_sync_inst/xpm_fifo_base_inst/xpm_fifo_rst_inst/Q[0]                  |                3 |              4 |         1.33 |
|  tx_axis_aclk_IBUF_BUFG | u_eth_frame_tx/tx_mac/u_eth_axis_fifo/gen_wr_a.gen_word_narrow.mem_reg_bram_4_0                                                                        | u_eth_frame_tx/tx_arp/FSM_sequential_arp_state_reg[0]_3                                                              |                1 |              4 |         4.00 |
|  tx_axis_aclk_IBUF_BUFG | u_eth_frame_tx/tx_mac/u_eth_axis_fifo/gen_wr_a.gen_word_narrow.mem_reg_bram_4_0                                                                        | u_eth_frame_tx/tx_arp/FSM_sequential_arp_state_reg[0]_2                                                              |                3 |              4 |         1.33 |
|  rx_axis_aclk_IBUF_BUFG | u_eth_frame_rx/rx_mac_mode/ip_rx_axis_tkeep_reg[1]_1                                                                                                   | u_eth_frame_rx/ip_rx/ip_tkeep[7]_i_1_n_0                                                                             |                2 |              4 |         2.00 |
|  rx_axis_aclk_IBUF_BUFG |                                                                                                                                                        | u_eth_frame_rx/udp_rx/udp_data_fifo/xpm_fifo_sync_inst/xpm_fifo_base_inst/xpm_fifo_rst_inst/Q[0]                     |                4 |              4 |         1.00 |
|  tx_axis_aclk_IBUF_BUFG |                                                                                                                                                        | u_eth_frame_tx/tx_mac/u_eth_axis_fifo/stream_byte_fifo/xpm_fifo_sync_inst/xpm_fifo_base_inst/xpm_fifo_rst_inst/Q[0]  |                4 |              4 |         1.00 |
|  tx_axis_aclk_IBUF_BUFG |                                                                                                                                                        | u_eth_frame_tx/tx_udp/udp_payload/xpm_fifo_sync_inst/xpm_fifo_base_inst/xpm_fifo_rst_inst/Q[0]                       |                3 |              4 |         1.33 |
|  rx_axis_aclk_IBUF_BUFG | u_eth_frame_rx/rx_mac_mode/ip_rx_axis_tkeep_reg[1]_1                                                                                                   | u_eth_frame_rx/ip_rx/ip_tkeep[3]_i_1_n_0                                                                             |                1 |              4 |         4.00 |
|  rx_axis_aclk_IBUF_BUFG |                                                                                                                                                        | u_us_icmp_reply/icmp_payload/xpm_fifo_sync_inst/xpm_fifo_base_inst/xpm_fifo_rst_inst/Q[0]                            |                4 |              5 |         1.25 |
|  rx_axis_aclk_IBUF_BUFG |                                                                                                                                                        | u_eth_frame_rx/udp_rx/udp_length_fifo/xpm_fifo_sync_inst/xpm_fifo_base_inst/xpm_fifo_rst_inst/Q[0]                   |                4 |              5 |         1.25 |
|  tx_axis_aclk_IBUF_BUFG |                                                                                                                                                        | u_eth_frame_tx/tx_ip/ip_stream_inst/stream_byte_fifo/xpm_fifo_sync_inst/xpm_fifo_base_inst/xpm_fifo_rst_inst/Q[0]    |                5 |              5 |         1.00 |
|  tx_axis_aclk_IBUF_BUFG |                                                                                                                                                        | u_eth_frame_tx/tx_mac/u_eth_axis_fifo/stream_data_fifo/xpm_fifo_sync_inst/xpm_fifo_base_inst/xpm_fifo_rst_inst/Q[0]  |                3 |              5 |         1.67 |
|  tx_axis_aclk_IBUF_BUFG |                                                                                                                                                        | u_eth_frame_tx/tx_mac/mac_send/xpm_fifo_sync_inst/xpm_fifo_base_inst/xpm_fifo_rst_inst/Q[0]                          |                3 |              5 |         1.67 |
|  rx_axis_aclk_IBUF_BUFG |                                                                                                                                                        | u_eth_frame_rx/mac_rx/rx_frame_axis_tkeep[7]_i_1_n_0                                                                 |                2 |              6 |         3.00 |
|  tx_axis_aclk_IBUF_BUFG |                                                                                                                                                        | u_eth_frame_tx/tx_ip/check_counter[5]_i_1_n_0                                                                        |                1 |              6 |         6.00 |
|  tx_axis_aclk_IBUF_BUFG |                                                                                                                                                        | u_eth_frame_tx/tx_mac/mac_send_wdata[5]_i_1_n_0                                                                      |                1 |              6 |         6.00 |
|  tx_axis_aclk_IBUF_BUFG |                                                                                                                                                        | u_eth_frame_tx/tx_udp/udp_checkpayload/xpm_fifo_sync_inst/xpm_fifo_base_inst/xpm_fifo_rst_inst/Q[0]                  |                6 |              7 |         1.17 |
|  tx_axis_aclk_IBUF_BUFG |                                                                                                                                                        | u_eth_frame_tx/tx_ip/ip_send/xpm_fifo_sync_inst/xpm_fifo_base_inst/xpm_fifo_rst_inst/Q[0]                            |                6 |              7 |         1.17 |
|  tx_axis_aclk_IBUF_BUFG |                                                                                                                                                        | u_eth_frame_tx/tx_udp/check_count[6]_i_1_n_0                                                                         |                1 |              7 |         7.00 |
|  tx_axis_aclk_IBUF_BUFG |                                                                                                                                                        | u_eth_frame_tx/tx_ip/ip_head/xpm_fifo_sync_inst/xpm_fifo_base_inst/xpm_fifo_rst_inst/Q[0]                            |                4 |              7 |         1.75 |
|  tx_axis_aclk_IBUF_BUFG | u_eth_frame_tx/tx_udp/udp_checkpacket/xpm_fifo_sync_inst/xpm_fifo_base_inst/xpm_fifo_rst_inst/E[0]                                                     | u_eth_frame_tx/tx_udp/udp_checkpacket/xpm_fifo_sync_inst/xpm_fifo_base_inst/xpm_fifo_rst_inst/Q[0]                   |                2 |              8 |         4.00 |
|  rx_axis_aclk_IBUF_BUFG |                                                                                                                                                        | u_eth_frame_rx/udp_rx/udp_length_fifo/gen_wr_a.gen_word_narrow.mem_reg_6                                             |                2 |              8 |         4.00 |
|  tx_axis_aclk_IBUF_BUFG | u_eth_frame_tx/tx_mac/u_eth_axis_fifo/stream_byte_fifo/xpm_fifo_sync_inst/xpm_fifo_base_inst/rdp_inst/enb                                              | u_eth_frame_tx/tx_mac/u_eth_axis_fifo/stream_data_fifo/xpm_fifo_sync_inst/xpm_fifo_base_inst/xpm_fifo_rst_inst/Q[0]  |                3 |              8 |         2.67 |
|  tx_axis_aclk_IBUF_BUFG | u_eth_frame_tx/tx_mac/u_eth_axis_fifo/stream_byte_fifo/xpm_fifo_sync_inst/xpm_fifo_base_inst/xpm_fifo_rst_inst/E[0]                                    | u_eth_frame_tx/tx_mac/u_eth_axis_fifo/stream_data_fifo/xpm_fifo_sync_inst/xpm_fifo_base_inst/xpm_fifo_rst_inst/Q[0]  |                2 |              8 |         4.00 |
|  tx_axis_aclk_IBUF_BUFG | u_eth_frame_tx/tx_ip/ip_head/xpm_fifo_sync_inst/xpm_fifo_base_inst/rdp_inst/enb                                                                        | u_eth_frame_tx/tx_ip/ip_head/xpm_fifo_sync_inst/xpm_fifo_base_inst/xpm_fifo_rst_inst/Q[0]                            |                4 |              9 |         2.25 |
|  tx_axis_aclk_IBUF_BUFG | u_eth_frame_tx/tx_udp/udp_checkpacket/xpm_fifo_sync_inst/xpm_fifo_base_inst/rdp_inst/enb                                                               | u_eth_frame_tx/tx_udp/udp_checkpacket/xpm_fifo_sync_inst/xpm_fifo_base_inst/xpm_fifo_rst_inst/Q[0]                   |                3 |             10 |         3.33 |
|  tx_axis_aclk_IBUF_BUFG | u_eth_frame_tx/tx_udp/udp_checkpayload/xpm_fifo_sync_inst/xpm_fifo_base_inst/rdp_inst/enb                                                              | u_eth_frame_tx/tx_udp/udp_checkpayload/xpm_fifo_sync_inst/xpm_fifo_base_inst/xpm_fifo_rst_inst/Q[0]                  |                4 |             12 |         3.00 |
|  tx_axis_aclk_IBUF_BUFG | u_eth_frame_tx/tx_ip/ip_head/xpm_fifo_sync_inst/xpm_fifo_base_inst/xpm_fifo_rst_inst/E[0]                                                              | u_eth_frame_tx/tx_ip/ip_send/xpm_fifo_sync_inst/xpm_fifo_base_inst/xpm_fifo_rst_inst/Q[0]                            |                3 |             12 |         4.00 |
|  tx_axis_aclk_IBUF_BUFG | u_eth_frame_tx/tx_udp/udp_checkpayload/xpm_fifo_sync_inst/xpm_fifo_base_inst/xpm_fifo_rst_inst/E[0]                                                    | u_eth_frame_tx/tx_udp/udp_checkpayload/xpm_fifo_sync_inst/xpm_fifo_base_inst/xpm_fifo_rst_inst/Q[0]                  |                2 |             12 |         6.00 |
|  rx_axis_aclk_IBUF_BUFG | u_eth_frame_rx/udp_rx/udp_length_fifo/xpm_fifo_sync_inst/xpm_fifo_base_inst/rdpp1_inst/FSM_sequential_gen_fwft.curr_fwft_state_reg[1]                  | u_eth_frame_rx/udp_rx/udp_length_fifo/xpm_fifo_sync_inst/xpm_fifo_base_inst/xpm_fifo_rst_inst/Q[0]                   |                5 |             16 |         3.20 |
|  rx_axis_aclk_IBUF_BUFG | u_eth_frame_rx/udp_rx/udp_length_fifo/xpm_fifo_sync_inst/xpm_fifo_base_inst/xpm_fifo_rst_inst/ram_wr_en_pf                                             | u_eth_frame_rx/udp_rx/udp_length_fifo/xpm_fifo_sync_inst/xpm_fifo_base_inst/xpm_fifo_rst_inst/Q[0]                   |                5 |             16 |         3.20 |
|  rx_axis_aclk_IBUF_BUFG |                                                                                                                                                        | u_eth_frame_rx/udp_rx/trans_cnt[15]_i_1_n_0                                                                          |                3 |             16 |         5.33 |
|  tx_axis_aclk_IBUF_BUFG | u_eth_frame_tx/tx_mac_mode/gen_wr_a.gen_word_narrow.mem_reg_bram_4[0]                                                                                  | tx_axis_aresetn_IBUF_inst/O                                                                                          |                3 |             16 |         5.33 |
|  tx_axis_aclk_IBUF_BUFG | u_eth_frame_tx/tx_ip/ip_stream_inst/stream_byte_fifo/xpm_fifo_sync_inst/xpm_fifo_base_inst/xpm_fifo_rst_inst/ram_wr_en_pf                              | u_eth_frame_tx/tx_ip/ip_stream_inst/stream_byte_fifo/xpm_fifo_sync_inst/xpm_fifo_base_inst/xpm_fifo_rst_inst/Q[0]    |                4 |             16 |         4.00 |
|  rx_axis_aclk_IBUF_BUFG | u_eth_frame_rx/ip_rx_mode/icmp_rx_axis_tkeep_reg[0]_0[0]                                                                                               |                                                                                                                      |                4 |             16 |         4.00 |
|  tx_axis_aclk_IBUF_BUFG | u_eth_frame_tx/tx_ip/ip_stream_inst/stream_byte_fifo/xpm_fifo_sync_inst/xpm_fifo_base_inst/rdpp1_inst/FSM_sequential_gen_fwft.curr_fwft_state_reg[1]   | u_eth_frame_tx/tx_ip/ip_stream_inst/stream_byte_fifo/xpm_fifo_sync_inst/xpm_fifo_base_inst/xpm_fifo_rst_inst/Q[0]    |                6 |             16 |         2.67 |
|  tx_axis_aclk_IBUF_BUFG | u_eth_frame_tx/tx_mac_mode/E[0]                                                                                                                        | u_eth_frame_tx/tx_mac_mode/tx_axis_aresetn[0]                                                                        |                3 |             16 |         5.33 |
|  rx_axis_aclk_IBUF_BUFG | u_us_icmp_reply/checksum_payload3[15]_i_1__1_n_0                                                                                                       |                                                                                                                      |                3 |             16 |         5.33 |
|  rx_axis_aclk_IBUF_BUFG | u_eth_frame_rx/udp_rx/udp_packet_length                                                                                                                | rx_axis_aresetn_IBUF_inst/O                                                                                          |                4 |             16 |         4.00 |
|  tx_axis_aclk_IBUF_BUFG | u_eth_frame_tx/tx_mac/pad_counter                                                                                                                      | tx_axis_aresetn_IBUF_inst/O                                                                                          |                3 |             16 |         5.33 |
|  rx_axis_aclk_IBUF_BUFG | u_eth_frame_rx/udp_rx/udp_tvalid_reg_reg_n_0                                                                                                           | u_eth_frame_rx/udp_rx/tmp_packet_len[15]_i_1_n_0                                                                     |                3 |             16 |         5.33 |
|  rx_axis_aclk_IBUF_BUFG | u_eth_frame_rx/ip_rx/checksum_header0[15]_i_1_n_0                                                                                                      | rx_axis_aresetn_IBUF_inst/O                                                                                          |                5 |             16 |         3.20 |
|  rx_axis_aclk_IBUF_BUFG | u_eth_frame_rx/u_us_arp_rx/recv_op0                                                                                                                    | rx_axis_aresetn_IBUF_inst/O                                                                                          |                2 |             16 |         8.00 |
|  rx_axis_aclk_IBUF_BUFG | u_eth_frame_rx/ip_rx_mode/udp_rx_axis_tkeep_reg[5]_0[0]                                                                                                |                                                                                                                      |                3 |             16 |         5.33 |
|  rx_axis_aclk_IBUF_BUFG | u_eth_frame_rx/ip_rx_mode/udp_rx_axis_tvalid_reg_1[0]                                                                                                  |                                                                                                                      |                3 |             16 |         5.33 |
|  rx_axis_aclk_IBUF_BUFG | u_eth_frame_rx/u_us_arp_rx/recv_src_ip_addr[15]_i_1_n_0                                                                                                | rx_axis_aresetn_IBUF_inst/O                                                                                          |                5 |             16 |         3.20 |
|  rx_axis_aclk_IBUF_BUFG | u_eth_frame_rx/mac_rx/recv_type0                                                                                                                       | rx_axis_aresetn_IBUF_inst/O                                                                                          |                1 |             16 |        16.00 |
|  tx_axis_aclk_IBUF_BUFG | u_eth_frame_tx/tx_ip/ip_stream_inst/stream_inst/E[0]                                                                                                   | tx_axis_aresetn_IBUF_inst/O                                                                                          |                3 |             16 |         5.33 |
|  rx_axis_aclk_IBUF_BUFG | u_eth_frame_rx/ip_rx_mode/E[0]                                                                                                                         |                                                                                                                      |                4 |             16 |         4.00 |
|  tx_axis_aclk_IBUF_BUFG | u_eth_frame_rx/u_arp_table/arp_mac_exit_reg_0[0]                                                                                                       | tx_axis_aresetn_IBUF_inst/O                                                                                          |                3 |             16 |         5.33 |
|  tx_axis_aclk_IBUF_BUFG | u_eth_frame_tx/tx_ip/checksum_header[15]_i_1_n_0                                                                                                       | tx_axis_aresetn_IBUF_inst/O                                                                                          |                4 |             16 |         4.00 |
|  tx_axis_aclk_IBUF_BUFG | u_eth_frame_tx/tx_ip/ip_head_fifo_wren                                                                                                                 | tx_axis_aresetn_IBUF_inst/O                                                                                          |                3 |             16 |         5.33 |
|  rx_axis_aclk_IBUF_BUFG | u_eth_frame_rx/ip_rx_mode/icmp_rx_axis_tkeep_reg[0]_2[0]                                                                                               |                                                                                                                      |                3 |             16 |         5.33 |
|  rx_axis_aclk_IBUF_BUFG | u_eth_frame_rx/ip_rx_mode/icmp_rx_axis_tkeep_reg[2]_0[0]                                                                                               |                                                                                                                      |                3 |             16 |         5.33 |
|  rx_axis_aclk_IBUF_BUFG | u_eth_frame_rx/ip_rx_mode/udp_rx_axis_tkeep_reg[6]_0[0]                                                                                                |                                                                                                                      |                2 |             16 |         8.00 |
|  tx_axis_aclk_IBUF_BUFG | u_eth_frame_tx/tx_ip/ip_stream_inst/stream_inst/state_reg[0][0]                                                                                        | u_eth_frame_tx/tx_ip_mode/ip_tx_axis_tlast_reg_0[0]                                                                  |                4 |             16 |         4.00 |
|  tx_axis_aclk_IBUF_BUFG | u_eth_frame_tx/tx_ip/ip_head/xpm_fifo_sync_inst/xpm_fifo_base_inst/gen_fwft.ram_regout_en                                                              | u_eth_frame_tx/tx_ip/ip_head/xpm_fifo_sync_inst/xpm_fifo_base_inst/xpm_fifo_rst_inst/Q[0]                            |                3 |             21 |         7.00 |
|  tx_axis_aclk_IBUF_BUFG | u_eth_frame_tx/tx_mac/mac_send/xpm_fifo_sync_inst/xpm_fifo_base_inst/xpm_fifo_rst_inst/ram_wr_en_pf                                                    | u_eth_frame_tx/tx_mac/mac_send/xpm_fifo_sync_inst/xpm_fifo_base_inst/xpm_fifo_rst_inst/Q[0]                          |                6 |             22 |         3.67 |
|  tx_axis_aclk_IBUF_BUFG | u_eth_frame_tx/tx_mac/frame_length                                                                                                                     | tx_axis_aresetn_IBUF_inst/O                                                                                          |                5 |             22 |         4.40 |
|  rx_axis_aclk_IBUF_BUFG | u_us_icmp_reply/icmp_payload/xpm_fifo_sync_inst/xpm_fifo_base_inst/rdpp1_inst/FSM_sequential_gen_fwft.curr_fwft_state_reg[1]                           | u_us_icmp_reply/icmp_payload/xpm_fifo_sync_inst/xpm_fifo_base_inst/xpm_fifo_rst_inst/Q[0]                            |               10 |             22 |         2.20 |
|  rx_axis_aclk_IBUF_BUFG | u_us_icmp_reply/icmp_payload/xpm_fifo_sync_inst/xpm_fifo_base_inst/xpm_fifo_rst_inst/ram_wr_en_pf                                                      | u_us_icmp_reply/icmp_payload/xpm_fifo_sync_inst/xpm_fifo_base_inst/xpm_fifo_rst_inst/Q[0]                            |                7 |             22 |         3.14 |
|  rx_axis_aclk_IBUF_BUFG | u_eth_frame_rx/udp_rx/udp_data_fifo/xpm_fifo_sync_inst/xpm_fifo_base_inst/xpm_fifo_rst_inst/ram_wr_en_pf                                               | u_eth_frame_rx/udp_rx/udp_data_fifo/xpm_fifo_sync_inst/xpm_fifo_base_inst/xpm_fifo_rst_inst/Q[0]                     |                6 |             22 |         3.67 |
|  rx_axis_aclk_IBUF_BUFG | u_eth_frame_rx/udp_rx/udp_data_fifo/xpm_fifo_sync_inst/xpm_fifo_base_inst/rdpp1_inst/FSM_sequential_gen_fwft.curr_fwft_state_reg[1]                    | u_eth_frame_rx/udp_rx/udp_data_fifo/xpm_fifo_sync_inst/xpm_fifo_base_inst/xpm_fifo_rst_inst/Q[0]                     |                8 |             22 |         2.75 |
|  tx_axis_aclk_IBUF_BUFG | u_eth_frame_tx/tx_udp/udp_payload/xpm_fifo_sync_inst/xpm_fifo_base_inst/xpm_fifo_rst_inst/ram_wr_en_pf                                                 | u_eth_frame_tx/tx_udp/udp_payload/xpm_fifo_sync_inst/xpm_fifo_base_inst/xpm_fifo_rst_inst/Q[0]                       |                6 |             22 |         3.67 |
|  tx_axis_aclk_IBUF_BUFG | u_eth_frame_tx/tx_ip/ip_stream_inst/stream_data_fifo/xpm_fifo_sync_inst/xpm_fifo_base_inst/rdpp1_inst/FSM_sequential_gen_fwft.curr_fwft_state_reg[1]   | u_eth_frame_tx/tx_ip/ip_head/xpm_fifo_sync_inst/xpm_fifo_base_inst/xpm_fifo_rst_inst/Q[0]                            |                7 |             22 |         3.14 |
|  tx_axis_aclk_IBUF_BUFG | u_eth_frame_tx/tx_ip/ip_stream_inst/stream_data_fifo/xpm_fifo_sync_inst/xpm_fifo_base_inst/xpm_fifo_rst_inst/ram_wr_en_pf                              | u_eth_frame_tx/tx_ip/ip_head/xpm_fifo_sync_inst/xpm_fifo_base_inst/xpm_fifo_rst_inst/Q[0]                            |                8 |             22 |         2.75 |
|  tx_axis_aclk_IBUF_BUFG | u_eth_frame_tx/tx_mac/u_eth_axis_fifo/stream_data_fifo/xpm_fifo_sync_inst/xpm_fifo_base_inst/rdpp1_inst/FSM_sequential_gen_fwft.curr_fwft_state_reg[1] | u_eth_frame_tx/tx_mac/u_eth_axis_fifo/stream_byte_fifo/xpm_fifo_sync_inst/xpm_fifo_base_inst/xpm_fifo_rst_inst/Q[0]  |                8 |             22 |         2.75 |
|  tx_axis_aclk_IBUF_BUFG | u_eth_frame_tx/tx_mac/u_eth_axis_fifo/stream_byte_fifo/xpm_fifo_sync_inst/xpm_fifo_base_inst/rdp_inst/enb                                              |                                                                                                                      |                2 |             22 |        11.00 |
|  tx_axis_aclk_IBUF_BUFG | u_eth_frame_tx/tx_ip/ip_send/xpm_fifo_sync_inst/xpm_fifo_base_inst/rdpp1_inst/FSM_sequential_gen_fwft.curr_fwft_state_reg[1]                           | u_eth_frame_tx/tx_ip/ip_send/xpm_fifo_sync_inst/xpm_fifo_base_inst/xpm_fifo_rst_inst/Q[0]                            |                7 |             22 |         3.14 |
|  tx_axis_aclk_IBUF_BUFG | u_eth_frame_tx/tx_ip/ip_send/xpm_fifo_sync_inst/xpm_fifo_base_inst/xpm_fifo_rst_inst/ram_wr_en_pf                                                      | u_eth_frame_tx/tx_ip/ip_send/xpm_fifo_sync_inst/xpm_fifo_base_inst/xpm_fifo_rst_inst/Q[0]                            |                6 |             22 |         3.67 |
|  tx_axis_aclk_IBUF_BUFG | u_eth_frame_tx/tx_mac/u_eth_axis_fifo/stream_byte_fifo/xpm_fifo_sync_inst/xpm_fifo_base_inst/gen_fwft.ram_regout_en                                    | u_eth_frame_tx/tx_mac/u_eth_axis_fifo/stream_data_fifo/xpm_fifo_sync_inst/xpm_fifo_base_inst/xpm_fifo_rst_inst/Q[0]  |                4 |             22 |         5.50 |
|  tx_axis_aclk_IBUF_BUFG | u_eth_frame_tx/tx_mac/mac_send/xpm_fifo_sync_inst/xpm_fifo_base_inst/rdpp1_inst/FSM_sequential_gen_fwft.curr_fwft_state_reg[1]                         | u_eth_frame_tx/tx_mac/mac_send/xpm_fifo_sync_inst/xpm_fifo_base_inst/xpm_fifo_rst_inst/Q[0]                          |                7 |             22 |         3.14 |
|  tx_axis_aclk_IBUF_BUFG | u_eth_frame_tx/tx_mac/u_eth_axis_fifo/stream_data_fifo/xpm_fifo_sync_inst/xpm_fifo_base_inst/xpm_fifo_rst_inst/ram_wr_en_pf                            | u_eth_frame_tx/tx_mac/u_eth_axis_fifo/stream_byte_fifo/xpm_fifo_sync_inst/xpm_fifo_base_inst/xpm_fifo_rst_inst/Q[0]  |                5 |             22 |         4.40 |
|  tx_axis_aclk_IBUF_BUFG | u_eth_frame_tx/tx_udp/udp_payload/xpm_fifo_sync_inst/xpm_fifo_base_inst/rdpp1_inst/FSM_sequential_gen_fwft.curr_fwft_state_reg[1]                      | u_eth_frame_tx/tx_udp/udp_payload/xpm_fifo_sync_inst/xpm_fifo_base_inst/xpm_fifo_rst_inst/Q[0]                       |                9 |             22 |         2.44 |
|  tx_axis_aclk_IBUF_BUFG | u_eth_frame_tx/tx_ip/ip_packet_length                                                                                                                  | tx_axis_aresetn_IBUF_inst/O                                                                                          |                7 |             24 |         3.43 |
|  tx_axis_aclk_IBUF_BUFG | u_eth_frame_tx/tx_udp/udp_checkpacket/xpm_fifo_sync_inst/xpm_fifo_base_inst/gen_fwft.ram_regout_en                                                     | u_eth_frame_tx/tx_udp/udp_checkpacket/xpm_fifo_sync_inst/xpm_fifo_base_inst/xpm_fifo_rst_inst/Q[0]                   |                6 |             30 |         5.00 |
|  tx_axis_aclk_IBUF_BUFG | u_eth_frame_tx/tx_udp/udp_checkpayload/xpm_fifo_sync_inst/xpm_fifo_base_inst/gen_fwft.ram_regout_en                                                    | u_eth_frame_tx/tx_udp/udp_checkpayload/xpm_fifo_sync_inst/xpm_fifo_base_inst/xpm_fifo_rst_inst/Q[0]                  |               11 |             31 |         2.82 |
|  tx_axis_aclk_IBUF_BUFG | u_eth_frame_tx/tx_udp/checksum_packet_length                                                                                                           | tx_axis_aresetn_IBUF_inst/O                                                                                          |               13 |             32 |         2.46 |
|  tx_axis_aclk_IBUF_BUFG | u_eth_frame_tx/tx_udp/udp_checksum_rden                                                                                                                | tx_axis_aresetn_IBUF_inst/O                                                                                          |               10 |             32 |         3.20 |
|  rx_axis_aclk_IBUF_BUFG | u_us_icmp_reply/checksum_header0                                                                                                                       | rx_axis_aresetn_IBUF_inst/O                                                                                          |                6 |             32 |         5.33 |
|  rx_axis_aclk_IBUF_BUFG |                                                                                                                                                        | u_eth_frame_rx/u_us_arp_rx/timeout[0]_i_1__0_n_0                                                                     |                4 |             32 |         8.00 |
|  tx_axis_aclk_IBUF_BUFG | u_eth_frame_tx/tx_mac/u_eth_axis_fifo/stream_byte_fifo/xpm_fifo_sync_inst/xpm_fifo_base_inst/xpm_fifo_rst_inst/E[0]                                    |                                                                                                                      |                2 |             32 |        16.00 |
|  rx_axis_aclk_IBUF_BUFG | u_eth_frame_rx/rx_mac_mode/E[0]                                                                                                                        | rx_axis_aresetn_IBUF_inst/O                                                                                          |                7 |             32 |         4.57 |
|  tx_axis_aclk_IBUF_BUFG | u_eth_frame_tx/tx_udp/udp_checkpayload/xpm_fifo_sync_inst/xpm_fifo_base_inst/rdp_inst/enb                                                              |                                                                                                                      |                5 |             32 |         6.40 |
|  tx_axis_aclk_IBUF_BUFG |                                                                                                                                                        | u_eth_frame_tx/tx_arp/timeout[0]_i_1_n_0                                                                             |                4 |             32 |         8.00 |
|  rx_axis_aclk_IBUF_BUFG |                                                                                                                                                        | u_eth_frame_rx/u_arp_table/counter[0]_i_1_n_0                                                                        |                4 |             32 |         8.00 |
|  tx_axis_aclk_IBUF_BUFG | u_eth_frame_tx/tx_udp/udp_checkpacket/xpm_fifo_sync_inst/xpm_fifo_base_inst/rdp_inst/enb                                                               |                                                                                                                      |                5 |             32 |         6.40 |
|  tx_axis_aclk_IBUF_BUFG | u_eth_frame_tx/tx_ip/ip_head/xpm_fifo_sync_inst/xpm_fifo_base_inst/gen_fwft.ram_regout_en                                                              | u_eth_frame_tx/tx_ip/ip_send/xpm_fifo_sync_inst/xpm_fifo_base_inst/xpm_fifo_rst_inst/Q[0]                            |                6 |             35 |         5.83 |
|  tx_axis_aclk_IBUF_BUFG | u_eth_frame_tx/tx_udp/udp_checkpacket/xpm_fifo_sync_inst/xpm_fifo_base_inst/xpm_fifo_rst_inst/E[0]                                                     |                                                                                                                      |                5 |             40 |         8.00 |
|  tx_axis_aclk_IBUF_BUFG | u_eth_frame_tx/tx_udp/udp_checkpayload/xpm_fifo_sync_inst/xpm_fifo_base_inst/xpm_fifo_rst_inst/E[0]                                                    |                                                                                                                      |                5 |             40 |         8.00 |
|  rx_axis_aclk_IBUF_BUFG | u_eth_frame_rx/u_us_arp_rx/recv_src_ip_addr0                                                                                                           | rx_axis_aresetn_IBUF_inst/O                                                                                          |                8 |             48 |         6.00 |
|  rx_axis_aclk_IBUF_BUFG | u_eth_frame_rx/mac_rx/FSM_onehot_recv_state[5]_i_2_n_0                                                                                                 | rx_axis_aresetn_IBUF_inst/O                                                                                          |               12 |             48 |         4.00 |
|  rx_axis_aclk_IBUF_BUFG | u_us_icmp_reply/icmp_payload/E[0]                                                                                                                      | rx_axis_aresetn_IBUF_inst/O                                                                                          |               16 |             48 |         3.00 |
|  rx_axis_aclk_IBUF_BUFG |                                                                                                                                                        | u_eth_frame_rx/u_arp_table/dst_mac_addr[47]_i_1_n_0                                                                  |               15 |             48 |         3.20 |
|  rx_axis_aclk_IBUF_BUFG | u_eth_frame_rx/ip_rx/ip_dst_addr0                                                                                                                      | rx_axis_aresetn_IBUF_inst/O                                                                                          |               13 |             48 |         3.69 |
|  rx_axis_aclk_IBUF_BUFG | u_us_icmp_reply/cc_icmp_type0                                                                                                                          | rx_axis_aresetn_IBUF_inst/O                                                                                          |               17 |             56 |         3.29 |
|  tx_axis_aclk_IBUF_BUFG |                                                                                                                                                        | u_eth_frame_tx/tx_ip/ip_head_fifo_data[55]_i_1_n_0                                                                   |               12 |             56 |         4.67 |
|  tx_axis_aclk_IBUF_BUFG | u_eth_frame_tx/tx_ip/ip_head/xpm_fifo_sync_inst/xpm_fifo_base_inst/rdp_inst/enb                                                                        |                                                                                                                      |                8 |             56 |         7.00 |
|  tx_axis_aclk_IBUF_BUFG | u_eth_frame_tx/tx_ip/frame_idcode                                                                                                                      | tx_axis_aresetn_IBUF_inst/O                                                                                          |                9 |             56 |         6.22 |
|  rx_axis_aclk_IBUF_BUFG | u_eth_frame_rx/ip_rx/ip_protocol0                                                                                                                      | rx_axis_aresetn_IBUF_inst/O                                                                                          |               23 |             59 |         2.57 |
|  rx_axis_aclk_IBUF_BUFG | u_eth_frame_rx/ip_rx/ip_tdata0                                                                                                                         | rx_axis_aresetn_IBUF_inst/O                                                                                          |               27 |             64 |         2.37 |
|  rx_axis_aclk_IBUF_BUFG | u_eth_frame_rx/udp_rx/recv_dst_port0                                                                                                                   | rx_axis_aresetn_IBUF_inst/O                                                                                          |               14 |             64 |         4.57 |
|  rx_axis_aclk_IBUF_BUFG | u_eth_frame_rx/u_us_arp_rx/recv_src_mac_addr0                                                                                                          | rx_axis_aresetn_IBUF_inst/O                                                                                          |               20 |             64 |         3.20 |
|  tx_axis_aclk_IBUF_BUFG | u_eth_frame_rx/u_arp_table/E[0]                                                                                                                        | tx_axis_aresetn_IBUF_inst/O                                                                                          |                9 |             64 |         7.11 |
|  tx_axis_aclk_IBUF_BUFG | u_eth_frame_tx/tx_ip/ip_head/xpm_fifo_sync_inst/xpm_fifo_base_inst/xpm_fifo_rst_inst/E[0]                                                              |                                                                                                                      |                8 |             64 |         8.00 |
|  rx_axis_aclk_IBUF_BUFG | u_eth_frame_rx/mac_rx/rx_frame_axis_tdata0                                                                                                             | rx_axis_aresetn_IBUF_inst/O                                                                                          |               26 |             64 |         2.46 |
|  rx_axis_aclk_IBUF_BUFG |                                                                                                                                                        | u_eth_frame_rx/udp_rx/udp_length_fifo/FSM_onehot_udp_send_state_reg[2]                                               |               13 |             65 |         5.00 |
|  tx_axis_aclk_IBUF_BUFG | u_eth_frame_tx/tx_mac/u_eth_axis_fifo/gen_wr_a.gen_word_narrow.mem_reg_bram_4_0                                                                        |                                                                                                                      |               27 |             66 |         2.44 |
|  rx_axis_aclk_IBUF_BUFG |                                                                                                                                                        | u_eth_frame_rx/mac_rx/recv_type_reg[2]_4                                                                             |               18 |             67 |         3.72 |
|  rx_axis_aclk_IBUF_BUFG |                                                                                                                                                        | u_us_icmp_reply/checksum_payload_d1[15]_i_1_n_0                                                                      |               10 |             68 |         6.80 |
|  tx_axis_aclk_IBUF_BUFG | u_eth_frame_tx/tx_ip/ip_stream_inst/stream_data_wdata[1]_i_1_n_0                                                                                       | tx_axis_aresetn_IBUF_inst/O                                                                                          |               25 |             73 |         2.92 |
|  tx_axis_aclk_IBUF_BUFG | u_eth_frame_tx/tx_ip/ip_send_wdata                                                                                                                     | u_eth_frame_tx/tx_ip/ip_send_wdata0                                                                                  |               19 |             74 |         3.89 |
|  rx_axis_aclk_IBUF_BUFG |                                                                                                                                                        | u_eth_frame_rx/ip_rx/ip_protocol_reg[7]_rep_0                                                                        |               23 |             75 |         3.26 |
|  rx_axis_aclk_IBUF_BUFG | u_eth_frame_rx/u_us_arp_rx/arp_reply_valid_reg_0[0]                                                                                                    | rx_axis_aresetn_IBUF_inst/O                                                                                          |               21 |             80 |         3.81 |
|  tx_axis_aclk_IBUF_BUFG | u_eth_frame_tx/tx_arp/p_1_in_0                                                                                                                         | tx_axis_aresetn_IBUF_inst/O                                                                                          |               24 |             80 |         3.33 |
|  rx_axis_aclk_IBUF_BUFG | u_eth_frame_rx/ip_rx_mode/udp_tvalid_reg                                                                                                               | u_eth_frame_rx/ip_rx_mode/udp_rx_axis_tvalid_reg_0[0]                                                                |               10 |             80 |         8.00 |
|  tx_axis_aclk_IBUF_BUFG | u_eth_frame_rx/u_arp_table/arp_mac_exit_reg_1[0]                                                                                                       | u_eth_frame_rx/u_arp_table/SR[0]                                                                                     |               11 |             80 |         7.27 |
|  rx_axis_aclk_IBUF_BUFG |                                                                                                                                                        | u_eth_frame_rx/udp_rx/FSM_onehot_recv_state_reg[1]_0[0]                                                              |               17 |            128 |         7.53 |
|  tx_axis_aclk_IBUF_BUFG | u_eth_frame_tx/tx_ip/checksum_header0                                                                                                                  | u_eth_frame_tx/tx_ip/checksum_header8                                                                                |               18 |            136 |         7.56 |
|  tx_axis_aclk_IBUF_BUFG |                                                                                                                                                        |                                                                                                                      |               58 |            138 |         2.38 |
|  tx_axis_aclk_IBUF_BUFG | u_eth_frame_tx/tx_udp/checksum_header0                                                                                                                 | u_eth_frame_tx/tx_udp/checksum_header1[15]_i_1__1_n_0                                                                |               18 |            144 |         8.00 |
|  tx_axis_aclk_IBUF_BUFG |                                                                                                                                                        | tx_axis_aresetn_IBUF_inst/O                                                                                          |               71 |            191 |         2.69 |
|  rx_axis_aclk_IBUF_BUFG |                                                                                                                                                        |                                                                                                                      |               38 |            219 |         5.76 |
|  rx_axis_aclk_IBUF_BUFG |                                                                                                                                                        | rx_axis_aresetn_IBUF_inst/O                                                                                          |              160 |            685 |         4.28 |
+-------------------------+--------------------------------------------------------------------------------------------------------------------------------------------------------+----------------------------------------------------------------------------------------------------------------------+------------------+----------------+--------------+


